// Jest Snapshot v1, https://goo.gl/fbAQLP

exports[`Tests for Header component renders correctly 1`] = `
<div>
  <div
    class="banner"
  >
    <p>
      <a
        href="blog/vulnerability/july-2021-security-releases/"
      >
        <button
          class="bannerButton"
          type="button"
        >
          Blog post
        </button>
      </a>
      New security releases now available for 16.x, 14.x, and 12.x release lines
    </p>
  </div>
</div>
`;
